Reading netlist file: "D:\github\HRA_product\V9968_Cartridge\labo\HDMI_out\impl\gwsynthesis\tangnano20k_vdp_cartridge.vg"
Parsing netlist file "D:\github\HRA_product\V9968_Cartridge\labo\HDMI_out\impl\gwsynthesis\tangnano20k_vdp_cartridge.vg" completed
Processing netlist completed
Reading constraint file: "D:\github\HRA_product\V9968_Cartridge\labo\HDMI_out\src\tangnano20k_vdp_cartridge.cst"
Physical Constraint parsed completed
Running placement......
[10%] Placement Phase 0 completed
[20%] Placement Phase 1 completed
[30%] Placement Phase 2 completed
[50%] Placement Phase 3 completed
Running routing......
[60%] Routing Phase 0 completed
[70%] Routing Phase 1 completed
[80%] Routing Phase 2 completed
WARN  (PR1014) : Generic routing resource will be used to clock signal 'clk27m_d' by the specified constraint. And then it may lead to the excessive delay or skew
[90%] Routing Phase 3 completed
Running timing analysis......
[95%] Timing analysis completed
Placement and routing completed
Bitstream generation in progress......
Bitstream generation completed
Running power analysis......
[100%] Power analysis completed
Generate file "D:\github\HRA_product\V9968_Cartridge\labo\HDMI_out\impl\pnr\tangnano20k_vdp_cartridge.power.html" completed
Generate file "D:\github\HRA_product\V9968_Cartridge\labo\HDMI_out\impl\pnr\tangnano20k_vdp_cartridge.pin.html" completed
Generate file "D:\github\HRA_product\V9968_Cartridge\labo\HDMI_out\impl\pnr\tangnano20k_vdp_cartridge.rpt.html" completed
Generate file "D:\github\HRA_product\V9968_Cartridge\labo\HDMI_out\impl\pnr\tangnano20k_vdp_cartridge.rpt.txt" completed
Generate file "D:\github\HRA_product\V9968_Cartridge\labo\HDMI_out\impl\pnr\tangnano20k_vdp_cartridge.tr.html" completed
Wed Feb 25 20:33:18 2026

